src/actions/bungalow.ts(25,9): error TS2353: Object literal may only specify known properties, and 'price' does not exist in type '(Without<BungalowCreateInput, BungalowUncheckedCreateInput> & BungalowUncheckedCreateInput) | (Without<...> & BungalowCreateInput)'.
src/app/bungalov/[id]/page.tsx(78,27): error TS2339: Property 'features' does not exist on type '{ id: string; createdAt: Date; updatedAt: Date; title: string; location: string; guests: number; description: string; images: string[]; address: string | null; basePrice: number; weekendPrice: number | null; cleaningFee: number | null; isActive: boolean; categoryId: string | null; }'.
src/app/bungalov/[id]/page.tsx(78,41): error TS7006: Parameter 'feature' implicitly has an 'any' type.
src/app/bungalov/[id]/page.tsx(78,50): error TS7006: Parameter 'idx' implicitly has an 'any' type.
src/app/bungalov/[id]/page.tsx(91,84): error TS2339: Property 'price' does not exist on type '{ id: string; createdAt: Date; updatedAt: Date; title: string; location: string; guests: number; description: string; images: string[]; address: string | null; basePrice: number; weekendPrice: number | null; cleaningFee: number | null; isActive: boolean; categoryId: string | null; }'.
src/components/features/PopularBungalows.tsx(58,31): error TS2339: Property 'features' does not exist on type '{ id: string; createdAt: Date; updatedAt: Date; title: string; location: string; guests: number; description: string; images: string[]; address: string | null; basePrice: number; weekendPrice: number | null; cleaningFee: number | null; isActive: boolean; categoryId: string | null; }'.
src/components/features/PopularBungalows.tsx(58,57): error TS7006: Parameter 'feature' implicitly has an 'any' type.
src/components/features/PopularBungalows.tsx(58,66): error TS7006: Parameter 'idx' implicitly has an 'any' type.
src/components/features/PopularBungalows.tsx(68,85): error TS2339: Property 'price' does not exist on type '{ id: string; createdAt: Date; updatedAt: Date; title: string; location: string; guests: number; description: string; images: string[]; address: string | null; basePrice: number; weekendPrice: number | null; cleaningFee: number | null; isActive: boolean; categoryId: string | null; }'.
