src/app/admin/users/page.tsx(40,33): error TS2339: Property 'image' does not exist on type '{ reservations: { id: string; }[]; } & { name: string | null; id: string; email: string; password: string; phone: string | null; role: Role; createdAt: Date; updatedAt: Date; }'.
src/app/admin/users/page.tsx(41,44): error TS2339: Property 'image' does not exist on type '{ reservations: { id: string; }[]; } & { name: string | null; id: string; email: string; password: string; phone: string | null; role: Role; createdAt: Date; updatedAt: Date; }'.
src/components/admin/ReservationsCalendarClient.tsx(6,8): error TS2613: Module '"C:/Users/umut/Desktop/bungalow-premium/node_modules/date-fns/locale/tr"' has no default export. Did you mean to use 'import { tr } from "C:/Users/umut/Desktop/bungalow-premium/node_modules/date-fns/locale/tr"' instead?
